// Jest Snapshot v1, https://goo.gl/fbAQLP

exports[`Button Component test Snapshot 1`] = `
<button
  className="button  button--full-width"
  onClick={[Function]}
>
  Button &lt;+&gt;
</button>
`;
