// Jest Snapshot v1, https://goo.gl/fbAQLP

exports[`App Component testing Contains components 1`] = `
<div
  className="app"
>
  <Connect(Quiz) />
</div>
`;
